// Jest Snapshot v1, https://goo.gl/fbAQLP

exports[`SliceTableRow tests suite SliceTableRow should render without crashing 1`] = `
<div>
  <tr
    class="af-table__tr"
  >
    <td
      class="af-table__cell"
    >
      <span
        aria-label="tranche"
        class="af-table-body-content"
      >
        de 
        200
        € à 
        50000
        €
      </span>
    </td>
    <td
      class="af-table__cell"
    >
      <span
        aria-label="taux imposition"
      >
        <b>
          2
          %
        </b>
      </span>
    </td>
  </tr>
</div>
`;